ESP-ROM:esp32s3-20210327
Build:Mar 27 2021
rst:0x1 (POWERON),boot:0x9 (SPI_FAST_FLASH_BOOT)
SPIWP:0xee
mode:DIO, clock div:1
load:0x3fce3810,len:0x178c
load:0x403c9700,len:0x4
load:0x403c9704,len:0xcbc
load:0x403cc700,len:0x2da0
entry 0x403c9914
[0;32mI (27) boot: ESP-IDF v5.2.1-dirty 2nd stage bootloader[0m
[0;32mI (27) boot: compile time Jun  8 2024 13:32:40[0m
[0;32mI (27) boot: Multicore bootloader[0m
[0;32mI (30) boot: chip revision: v0.2[0m
[0;32mI (34) boot.esp32s3: Boot SPI Speed : 80MHz[0m
[0;32mI (39) boot.esp32s3: SPI Mode       : DIO[0m
[0;32mI (44) boot.esp32s3: SPI Flash Size : 2MB[0m
[0;32mI (48) boot: Enabling RNG early entropy source...[0m
[0;32mI (54) boot: Partition Table:[0m
[0;32mI (57) boot: ## Label            Usage          Type ST Offset   Length[0m
[0;32mI (65) boot:  0 nvs              WiFi data        01 02 00009000 00006000[0m
[0;32mI (72) boot:  1 phy_init         RF data          01 01 0000f000 00001000[0m
[0;32mI (80) boot:  2 factory          factory app      00 00 00010000 00100000[0m
[0;32mI (87) boot: End of partition table[0m
[0;32mI (91) esp_image: segment 0: paddr=00010020 vaddr=3c0a0020 size=23758h (145240) map[0m
[0;32mI (126) esp_image: segment 1: paddr=00033780 vaddr=3fc97f00 size=04638h ( 17976) load[0m
[0;32mI (130) esp_image: segment 2: paddr=00037dc0 vaddr=40374000 size=08258h ( 33368) load[0m
[0;32mI (139) esp_image: segment 3: paddr=00040020 vaddr=42000020 size=98d1ch (625948) map[0m
[0;32mI (252) esp_image: segment 4: paddr=000d8d44 vaddr=4037c258 size=0bc30h ( 48176) load[0m
[0;32mI (271) boot: Loaded app from partition at offset 0x10000[0m
[0;32mI (272) boot: Disabling RNG early entropy source...[0m
[0;32mI (283) cpu_start: Multicore app[0m
[0;32mI (293) cpu_start: Pro cpu start user code[0m
[0;32mI (293) cpu_start: cpu freq: 160000000 Hz[0m
[0;32mI (293) cpu_start: Application information:[0m
[0;32mI (296) cpu_start: Project name:     secure_com_node[0m
[0;32mI (302) cpu_start: App version:      f410512-dirty[0m
[0;32mI (307) cpu_start: Compile time:     Jun  8 2024 13:31:57[0m
[0;32mI (313) cpu_start: ELF file SHA256:  eb46aa58d...[0m
[0;32mI (319) cpu_start: ESP-IDF:          v5.2.1-dirty[0m
[0;32mI (324) cpu_start: Min chip rev:     v0.0[0m
[0;32mI (329) cpu_start: Max chip rev:     v0.99 [0m
[0;32mI (334) cpu_start: Chip rev:         v0.2[0m
[0;32mI (339) heap_init: Initializing. RAM available for dynamic allocation:[0m
[0;32mI (346) heap_init: At 3FCA04D8 len 00049238 (292 KiB): RAM[0m
[0;32mI (352) heap_init: At 3FCE9710 len 00005724 (21 KiB): RAM[0m
[0;32mI (358) heap_init: At 3FCF0000 len 00008000 (32 KiB): DRAM[0m
[0;32mI (364) heap_init: At 600FE010 len 00001FD8 (7 KiB): RTCRAM[0m
[0;32mI (371) spi_flash: detected chip: gd[0m
[0;32mI (375) spi_flash: flash io: dio[0m
[0;33mW (378) spi_flash: Detected size(8192k) larger than the size in the binary image header(2048k). Using the size in the binary image header.[0m
[0;32mI (392) sleep: Configure to isolate all GPIO pins in sleep state[0m
[0;32mI (399) sleep: Enable automatic switching of GPIO sleep configuration[0m
[0;32mI (406) main_task: Started on CPU0[0m
[0;32mI (416) main_task: Calling app_main()[0m
[0;32mI (2456) pp: pp rom version: e7ae62f[0m
[0;32mI (2456) net80211: net80211 rom version: e7ae62f[0m
I (2486) wifi:wifi driver task: 3fcab94c, prio:23, stack:6656, core=0
I (2496) wifi:wifi firmware version: a9f5b59
I (2496) wifi:wifi certification version: v7.0
I (2496) wifi:config NVS flash: enabled
I (2506) wifi:config nano formating: disabled
I (2506) wifi:Init data frame dynamic rx buffer num: 32
I (2506) wifi:Init static rx mgmt buffer num: 5
I (2516) wifi:Init management short buffer num: 32
I (2516) wifi:Init dynamic tx buffer num: 32
I (2526) wifi:Init static tx FG buffer num: 2
I (2526) wifi:Init static rx buffer size: 1600
I (2536) wifi:Init static rx buffer num: 10
I (2536) wifi:Init dynamic rx buffer num: 32
[0;32mI (2576) wifi_init: rx ba win: 6[0m
[0;32mI (2576) wifi_init: tcpip mbox: 32[0m
[0;32mI (2576) wifi_init: udp mbox: 6[0m
[0;32mI (2576) wifi_init: tcp mbox: 6[0m
[0;32mI (2576) wifi_init: tcp tx win: 5760[0m
[0;32mI (2586) wifi_init: tcp rx win: 5760[0m
[0;32mI (2596) wifi_init: tcp mss: 1440[0m
[0;32mI (2596) wifi_init: WiFi IRAM OP enabled[0m
[0;32mI (2596) wifi_init: WiFi RX IRAM OP enabled[0m
[0;32mI (2636) phy_init: phy_version 640,cd64a1a,Jan 24 2024,17:28:12[0m
I (2676) wifi:mode : sta (48:27:e2:e2:e5:e4)
I (2676) wifi:enable tsf
I (2696) wifi:new:<10,0>, old:<1,0>, ap:<255,255>, sta:<10,0>, prof:1
I (2696) wifi:state: init -> auth (b0)
I (2706) wifi:state: auth -> assoc (0)
I (2716) wifi:state: assoc -> run (10)
W (2716) wifi:[ADDBA]rx delba, code:1, delete tid:0
I (2736) wifi:connected with TIM-69567495, aid = 15, channel 10, BW20, bssid = ce:b1:01:33:36:34
I (2736) wifi:security: WPA2-PSK, phy: bgn, rssi: -81
I (2746) wifi:pm start, type: 1

I (2746) wifi:dp: 1, bi: 102400, li: 3, scale listen interval from 307200 us to 307200 us
I (2756) wifi:set rx beacon pti, rx_bcn_pti: 0, bcn_timeout: 25000, mt_pti: 0, mt_time: 10000
[0;32mI (2766) WIFI: Connesso al punto di accesso[0m
I (2796) wifi:AP's beacon interval = 102400 us, DTIM period = 1
I (4856) wifi:<ba-add>idx:0 (ifx:0, ce:b1:01:33:36:34), tid:0, ssn:0, winSize:64
[0;32mI (5756) esp_netif_handlers: sta ip: 192.168.1.10, mask: 255.255.255.0, gw: 192.168.1.1[0m
got ip, proceeding to unblock mqttmqtt could proceed, connection established and ip address received
[0;32mI (5826) MQTT: Other event id:7[0m
the current size of certs is 0
buffer is: retrieve_certificates/0
[0;32mI (7526) MQTT: MQTT_EVENT_CONNECTED[0m
[0;32mI (7536) MQTT: sent subscribe successful, msg_id=23825[0m
[0;32mI (7546) MQTT: MQTT_EVENT_SUBSCRIBED, msg_id=23825[0m
[0;32mI (7546) MQTT: sent publish successful, msg_id=-1000[0m
[0;32mI (7576) MQTT: MQTT_EVENT_DATA[0m
-----BEGIN CERTIFICATE-----
MIICtDCCAZwCFBDR1fFgPc/95b2b/7gccbeI+9lBMA0GCSqGSIb3DQEBCwUAMBEx
DzANBgNVBAMMBmJyb2tlcjAeFw0yNDA2MDYxNTQ5NDdaFw0zNDA2MDQxNTQ5NDda
MBwxGjAYBgNVBAMMETQ4OjI3OkUyOkUyOkU1OkU0MIIBIjANBgkqhkiG9w0BAQEF
AAOCAQ8AMIIBCgKCAQEAprQWBbpej5wmpwG2jc8yj3M5cBKz+IadcmFEfBVDtcr1
InoeJW/wLFRNiRc5NVgTCmF5nUZ2vXKXXNHdJVbM6RtxlIlDfFIFoBAA6xEvhAAU
ihmKcogXpEUcECHXD3HhXaJuTiP4K5rBh+/D+GKraaNWiQ1Ll7bnZ4ZdF9DgZz4F
Sa9PCZkURv5uIhUWjyXdpgBhF3VgqtWajuNke6zK6ZmNsa1qLHn7akQ7GxoBe1Iy
UMto1Mcz5VE3GNKMt92mZUSCaZLy+Bqn6HSgzHxBQgV7M6s8eAcUoUz02gCZ1hTK
3QWvYRAnPc24I9Q0ibFKV+kV0S8XGEOIzAh+Vrm9SwIDAQABMA0GCSqGSIb3DQEB
CwUAA4IBAQB1MJxbTC98NJ19E2NFGUNgQcYOP1z7b89O8tE5oo6vKs5vSwtXgrSg
pW7UJ+deDvN2CCWuZ9P4HOj20kOnY54ghpChl/bfgV7Nbq6s2wKzRDX3Avbe6/Es
nAnrDoG5RHPoAcWmRvqbiGDWe2wgSkxbqR28i7zOWWNFdD45FcRbcd2C7v9i/U7n
Dsg/M5IrD9DjrNZ8op1R2UuXI3BrfgxcxCojt4N4+MUNRZhOPbL69+WLUkCav+8H
TSRY6BaQ7hmMU35JBkP/V05FCcV3xhZdUNyAiwyhDeGNSX1u7MdQBrFkGYgUhcNO
cNW1ksk0OZerEuM7H/PkE/z6hflJxgNP
-----END CERTIFICATE-----ï¿½

assert failed: tlsf_free tlsf.c:1120 (!block_is_free(block) && "block already marked as free")


Backtrace: 0x40375a0e:0x3fcb37e0 0x4037c085:0x3fcb3800 0x40383c75:0x3fcb3820 0x40381f16:0x3fcb3940 0x40381d9c:0x3fcb3960 0x40376252:0x3fcb3980 0x40383ca5:0x3fcb39a0 0x4209577f:0x3fcb39c0 0x4200a3c6:0x3fcb3a00 0x4200af7c:0x3fcb3a20 0x4200b0cf:0x3fcb3a50 0x4200b620:0x3fcb3a80 0x4037cb91:0x3fcb3ab0




ELF file SHA256: eb46aa58d

Rebooting...
ESP-ROM:esp32s3-20210327
Build:Mar 27 2021
rst:0xc (RTC_SW_CPU_RST),boot:0x9 (SPI_FAST_FLASH_BOOT)
Saved PC:0x40375984
SPIWP:0xee
mode:DIO, clock div:1
load:0x3fce3810,len:0x178c
load:0x403c9700,len:0x4
load:0x403c9704,len:0xcbc
load:0x403cc700,len:0x2da0
entry 0x403c9914
[0;32mI (31) boot: ESP-IDF v5.2.1-dirty 2nd stage bootloader[0m
[0;32mI (31) boot: compile time Jun  8 2024 13:32:40[0m
[0;32mI (31) boot: Multicore bootloader[0m
[0;32mI (35) boot: chip revision: v0.2[0m
[0;32mI (39) boot.esp32s3: Boot SPI Speed : 80MHz[0m
[0;32mI (43) boot.esp32s3: SPI Mode       : DIO[0m
[0;32mI (48) boot.esp32s3: SPI Flash Size : 2MB[0m
[0;32mI (53) boot: Enabling RNG early entropy source...[0m
[0;32mI (58) boot: Partition Table:[0m
[0;32mI (62) boot: ## Label            Usage          Type ST Offset   Length[0m
[0;32mI (69) boot:  0 nvs              WiFi data        01 02 00009000 00006000[0m
[0;32mI (77) boot:  1 phy_init         RF data          01 01 0000f000 00001000[0m
[0;32mI (84) boot:  2 factory          factory app      00 00 00010000 00100000[0m
[0;32mI (92) boot: End of partition table[0m
[0;32mI (96) esp_image: segment 0: paddr=00010020 vaddr=3c0a0020 size=23758h (145240) map[0m
[0;32mI (130) esp_image: segment 1: paddr=00033780 vaddr=3fc97f00 size=04638h ( 17976) load[0m
[0;32mI (134) esp_image: segment 2: paddr=00037dc0 vaddr=40374000 size=08258h ( 33368) load[0m
[0;32mI (143) esp_image: segment 3: paddr=00040020 vaddr=42000020 size=98d1ch (625948) map[0m
[0;32mI (257) esp_image: segment 4: paddr=000d8d44 vaddr=4037c258 size=0bc30h ( 48176) load[0m
[0;32mI (276) boot: Loaded app from partition at offset 0x10000[0m
[0;32mI (276) boot: Disabling RNG early entropy source...[0m
[0;32mI (287) cpu_start: Multicore app[0m
[0;32mI (298) cpu_start: Pro cpu start user code[0m
[0;32mI (298) cpu_start: cpu freq: 160000000 Hz[0m
[0;32mI (298) cpu_start: Application information:[0m
[0;32mI (301) cpu_start: Project name:     secure_com_node[0m
[0;32mI (306) cpu_start: App version:      f410512-dirty[0m
[0;32mI (312) cpu_start: Compile time:     Jun  8 2024 13:31:57[0m
[0;32mI (318) cpu_start: ELF file SHA256:  eb46aa58d...[0m
[0;32mI (323) cpu_start: ESP-IDF:          v5.2.1-dirty[0m
[0;32mI (329) cpu_start: Min chip rev:     v0.0[0m
[0;32mI (333) cpu_start: Max chip rev:     v0.99 [0m
[0;32mI (338) cpu_start: Chip rev:         v0.2[0m
[0;32mI (343) heap_init: Initializing. RAM available for dynamic allocation:[0m
[0;32mI (350) heap_init: At 3FCA04D8 len 00049238 (292 KiB): RAM[0m
[0;32mI (356) heap_init: At 3FCE9710 len 00005724 (21 KiB): RAM[0m
[0;32mI (362) heap_init: At 3FCF0000 len 00008000 (32 KiB): DRAM[0m
[0;32mI (368) heap_init: At 600FE010 len 00001FD8 (7 KiB): RTCRAM[0m
[0;32mI (376) spi_flash: detected chip: gd[0m
[0;32mI (379) spi_flash: flash io: dio[0m
[0;33mW (383) spi_flash: Detected size(8192k) larger than the size in the binary image header(2048k). Using the size in the binary image header.[0m
[0;32mI (396) sleep: Configure to isolate all GPIO pins in sleep state[0m
[0;32mI (403) sleep: Enable automatic switching of GPIO sleep configuration[0m
[0;32mI (410) main_task: Started on CPU0[0m
[0;32mI (420) main_task: Calling app_main()[0m
[0;32mI (2460) pp: pp rom version: e7ae62f[0m
[0;32mI (2460) net80211: net80211 rom version: e7ae62f[0m
I (2490) wifi:wifi driver task: 3fcab94c, prio:23, stack:6656, core=0
I (2500) wifi:wifi firmware version: a9f5b59
I (2500) wifi:wifi certification version: v7.0
I (2500) wifi:config NVS flash: enabled
I (2510) wifi:config nano formating: disabled
I (2510) wifi:Init data frame dynamic rx buffer num: 32
I (2510) wifi:Init static rx mgmt buffer num: 5
I (2520) wifi:Init management short buffer num: 32
I (2520) wifi:Init dynamic tx buffer num: 32
I (2530) wifi:Init static tx FG buffer num: 2
I (2530) wifi:Init static rx buffer size: 1600
I (2540) wifi:Init static rx buffer num: 10
I (2540) wifi:Init dynamic rx buffer num: 32
[0;32mI (2580) wifi_init: rx ba win: 6[0m
[0;32mI (2580) wifi_init: tcpip mbox: 32[0m
[0;32mI (2580) wifi_init: udp mbox: 6[0m
[0;32mI (2580) wifi_init: tcp mbox: 6[0m
[0;32mI (2580) wifi_init: tcp tx win: 5760[0m
[0;32mI (2590) wifi_init: tcp rx win: 5760[0m
[0;32mI (2600) wifi_init: tcp mss: 1440[0m
[0;32mI (2600) wifi_init: WiFi IRAM OP enabled[0m
[0;32mI (2600) wifi_init: WiFi RX IRAM OP enabled[0m
[0;32mI (2640) phy_init: phy_version 640,cd64a1a,Jan 24 2024,17:28:12[0m
I (2680) wifi:mode : sta (48:27:e2:e2:e5:e4)
I (2680) wifi:enable tsf
I (2730) wifi:new:<10,0>, old:<1,0>, ap:<255,255>, sta:<10,0>, prof:1
I (2730) wifi:state: init -> auth (b0)
I (2740) wifi:state: auth -> assoc (0)
I (2740) wifi:state: assoc -> run (10)
W (2740) wifi:[ADDBA]rx delba, code:1, delete tid:0
I (2760) wifi:connected with TIM-69567495, aid = 15, channel 10, BW20, bssid = ce:b1:01:33:36:34
I (2760) wifi:security: WPA2-PSK, phy: bgn, rssi: -81
I (2760) wifi:pm start, type: 1

I (2770) wifi:dp: 1, bi: 102400, li: 3, scale listen interval from 307200 us to 307200 us
I (2770) wifi:set rx beacon pti, rx_bcn_pti: 0, bcn_timeout: 25000, mt_pti: 0, mt_time: 10000
[0;32mI (2780) WIFI: Connesso al punto di accesso[0m
I (2830) wifi:AP's beacon interval = 102400 us, DTIM period = 1
I (4880) wifi:<ba-add>idx:0 (ifx:0, ce:b1:01:33:36:34), tid:0, ssn:0, winSize:64
[0;32mI (5780) esp_netif_handlers: sta ip: 192.168.1.10, mask: 255.255.255.0, gw: 192.168.1.1[0m
got ip, proceeding to unblock mqttmqtt could proceed, connection established and ip address received
[0;32mI (5830) MQTT: Other event id:7[0m
the current size of certs is 0
buffer is: retrieve_certificates/0
[0;32mI (7580) MQTT: MQTT_EVENT_CONNECTED[0m
[0;32mI (7580) MQTT: sent subscribe successful, msg_id=60873[0m
[0;32mI (7600) MQTT: MQTT_EVENT_SUBSCRIBED, msg_id=60873[0m
[0;32mI (7610) MQTT: sent publish successful, msg_id=-1000[0m
[0;32mI (7960) MQTT: MQTT_EVENT_DATA[0m
-----BEGIN CERTIFICATE-----
MIICtDCCAZwCFBDR1fFgPc/95b2b/7gccbeI+9lBMA0GCSqGSIb3DQEBCwUAMBEx
DzANBgNVBAMMBmJyb2tlcjAeFw0yNDA2MDYxNTQ5NDdaFw0zNDA2MDQxNTQ5NDda
MBwxGjAYBgNVBAMMETQ4OjI3OkUyOkUyOkU1OkU0MIIBIjANBgkqhkiG9w0BAQEF
AAOCAQ8AMIIBCgKCAQEAprQWBbpej5wmpwG2jc8yj3M5cBKz+IadcmFEfBVDtcr1
InoeJW/wLFRNiRc5NVgTCmF5nUZ2vXKXXNHdJVbM6RtxlIlDfFIFoBAA6xEvhAAU
ihmKcogXpEUcECHXD3HhXaJuTiP4K5rBh+/D+GKraaNWiQ1Ll7bnZ4ZdF9DgZz4F
Sa9PCZkURv5uIhUWjyXdpgBhF3VgqtWajuNke6zK6ZmNsa1qLHn7akQ7GxoBe1Iy
UMto1Mcz5VE3GNKMt92mZUSCaZLy+Bqn6HSgzHxBQgV7M6s8eAcUoUz02gCZ1hTK
3QWvYRAnPc24I9Q0ibFKV+kV0S8XGEOIzAh+Vrm9SwIDAQABMA0GCSqGSIb3DQEB
CwUAA4IBAQB1MJxbTC98NJ19E2NFGUNgQcYOP1z7b89O8tE5oo6vKs5vSwtXgrSg
pW7UJ+deDvN2CCWuZ9P4HOj20kOnY54ghpChl/bfgV7Nbq6s2wKzRDX3Avbe6/Es
nAnrDoG5RHPoAcWmRvqbiGDWe2wgSkxbqR28i7zOWWNFdD45FcRbcd2C7v9i/U7n
Dsg/M5IrD9DjrNZ8op1R2UuXI3BrfgxcxCojt4N4+MUNRZhOPbL69+WLUkCav+8H
TSRY6BaQ7hmMU35JBkP/V05FCcV3xhZdUNyAiwyhDeGNSX1u7MdQBrFkGYgUhcNO
cNW1ksk0OZerEuM7H/PkE/z6hflJxgNP
-----END CERTIFICATE-----

assert failed: tlsf_free tlsf.c:1120 (!block_is_free(block) && "block already marked as free")


Backtrace: 0x40375a0e:0x3fcb3be0 0x4037c085:0x3fcb3c00 0x40383c75:0x3fcb3c20 0x40381f16:0x3fcb3d40 0x40381d9c:0x3fcb3d60 0x40376252:0x3fcb3d80 0x40383ca5:0x3fcb3da0 0x4209577f:0x3fcb3dc0 0x4200a3c6:0x3fcb3e00 0x4200af7c:0x3fcb3e20 0x4200b0cf:0x3fcb3e50 0x4200b620:0x3fcb3e80 0x4037cb91:0x3fcb3eb0




ELF file SHA256: eb46aa58d

Rebooting...
ï¿½ï¿½ï¿½ESP-ROM:esp32s3-20210327
Build:Mar 27 2021
rst:0xc (RTC_SW_CPU_RST),boot:0x9 (SPI_FAST_FLASH_BOOT)
Saved PC:0x40375984
SPIWP:0xee
mode:DIO, clock div:1
load:0x3fce3810,len:0x178c
load:0x403c9700,len:0x4
load:0x403c9704,len:0xcbc
load:0x403cc700,len:0x2da0
entry 0x403c9914
[0;32mI (31) boot: ESP-IDF v5.2.1-dirty 2nd stage bootloader[0m
[0;32mI (31) boot: compile time Jun  8 2024 13:32:40[0m
[0;32mI (31) boot: Multicore bootloader[0m
[0;32mI (35) boot: chip revision: v0.2[0m
[0;32mI (39) boot.esp32s3: Boot SPI Speed : 80MHz[0m
[0;32mI (43) boot.esp32s3: SPI Mode       : DIO[0m
[0;32mI (48) boot.esp32s3: SPI Flash Size : 2MB[0m
[0;32mI (53) boot: Enabling RNG early entropy source...[0m
[0;32mI (58) boot: Partition Table:[0m
[0;32mI (62) boot: ## Label            Usage          Type ST Offset   Length[0m
[0;32mI (69) boot:  0 nvs              WiFi data        01 02 00009000 00006000[0m
[0;32mI (77) boot:  1 phy_init         RF data          01 01 0000f000 00001000[0m
[0;32mI (84) boot:  2 factory          factory app      00 00 00010000 00100000[0m
[0;32mI (92) boot: End of partition table[0m
[0;32mI (96) esp_image: segment 0: paddr=00010020 vaddr=3c0a0020 size=23758h (145240) map[0m
[0;32mI (130) esp_image: segment 1: paddr=00033780 vaddr=3fc97f00 size=04638h ( 17976) load[0m
[0;32mI (134) esp_image: segment 2: paddr=00037dc0 vaddr=40374000 size=08258h ( 33368) load[0m
[0;32mI (143) esp_image: segment 3: paddr=00040020 vaddr=42000020 size=98d1ch (625948) map[0m
[0;32mI (257) esp_image: segment 4: paddr=000d8d44 vaddr=4037c258 size=0bc30h ( 48176) load[0m
[0;32mI (276) boot: Loaded app from partition at offset 0x10000[0m
[0;32mI (276) boot: Disabling RNG early entropy source...[0m
[0;32mI (287) cpu_start: Multicore app[0m
[0;32mI (298) cpu_start: Pro cpu start user code[0m
[0;32mI (298) cpu_start: cpu freq: 160000000 Hz[0m
[0;32mI (298) cpu_start: Application information:[0m
[0;32mI (301) cpu_start: Project name:     secure_com_node[0m
[0;32mI (306) cpu_start: App version:      f410512-dirty[0m
[0;32mI (312) cpu_start: Compile time:     Jun  8 2024 13:31:57[0m
[0;32mI (318) cpu_start: ELF file SHA256:  eb46aa58d...[0m
[0;32mI (323) cpu_start: ESP-IDF:          v5.2.1-dirty[0m
[0;32mI (329) cpu_start: Min chip rev:     v0.0[0m
[0;32mI (333) cpu_start: Max chip rev:     v0.99 [0m
[0;32mI (338) cpu_start: Chip rev:         v0.2[0m
[0;32mI (343) heap_init: Initializing. RAM available for dynamic allocation:[0m
[0;32mI (350) heap_init: At 3FCA04D8 len 00049238 (292 KiB): RAM[0m
[0;32mI (356) heap_init: At 3FCE9710 len 00005724 (21 KiB): RAM[0m
[0;32mI (362) heap_init: At 3FCF0000 len 00008000 (32 KiB): DRAM[0m
[0;32mI (368) heap_init: At 600FE010 len 00001FD8 (7 KiB): RTCRAM[0m
[0;32mI (376) spi_flash: detected chip: gd[0m
[0;32mI (379) spi_flash: flash io: dio[0m
[0;33mW (383) spi_flash: Detected size(8192k) larger than the size in the binary image header(2048k). Using the size in the binary image header.[0m
[0;32mI (396) sleep: Configure to isolate all GPIO pins in sleep state[0m
[0;32mI (403) sleep: Enable automatic switching of GPIO sleep configuration[0m
[0;32mI (410) main_task: Started on CPU0[0m
[0;32mI (420) main_task: Calling app_main()[0m
