(32 KiB): DRAM[0m
[0;32mI (369) heap_init: At 600FE010 len 00001FD8 (7 KiB): RTCRAM[0m
[0;32mI (377) spi_flash: detected chip: gd[0m
[0;32mI (380) spi_flash: flash io: dio[0m
[0;33mW (384)ï¿½ESP-ROM:esp32s3-20210327
Build:Mar 27 2021
rst:0x1 (POWERON),boot:0x9 (SPI_FAST_FLASH_BOOT)
SPIWP:0xee
mode:DIO, clock div:1
load:0x3fce3810,len:0x178c
load:0x403c9700,len:0x4
load:0x403c9704,len:0xcbc
load:0x403cc700,len:0x2da0
entry 0x403c9914
[0;32mI (27) boot: ESP-IDF v5.2.1-dirty 2nd stage bootloader[0m
[0;32mI (27) boot: compile time Jun  8 2024 13:32:40[0m
[0;32mI (27) boot: Multicore bootloader[0m
[0;32mI (30) boot: chip revision: v0.2[0m
[0;32mI (34) boot.esp32s3: Boot SPI Speed : 80MHz[0m
[0;32mI (39) boot.esp32s3: SPI Mode       : DIO[0m
[0;32mI (44) boot.esp32s3: SPI Flash Size : 2MB[0m
[0;32mI (48) boot: Enabling RNG early entropy source...[0m
[0;32mI (54) boot: Partition Table:[0m
[0;32mI (57) boot: ## Label            Usage          Type ST Offset   Length[0m
[0;32mI (65) boot:  0 nvs              WiFi data        01 02 00009000 00006000[0m
[0;32mI (72) boot:  1 phy_init         RF data          01 01 0000f000 00001000[0m
[0;32mI (80) boot:  2 factory          factory app      00 00 00010000 00100000[0m
[0;32mI (87) boot: End of partition table[0m
[0;32mI (91) esp_image: segment 0: paddr=00010020 vaddr=3c0a0020 size=23cb8h (146616) map[0m
[0;32mI (126) esp_image: segment 1: paddr=00033ce0 vaddr=3fc97f00 size=04638h ( 17976) load[0m
[0;32mI (130) esp_image: segment 2: paddr=00038320 vaddr=40374000 size=07cf8h ( 31992) load[0m
[0;32mI (139) esp_image: segment 3: paddr=00040020 vaddr=42000020 size=9f34ch (652108) map[0m
[0;32mI (257) esp_image: segment 4: paddr=000df374 vaddr=4037bcf8 size=0c190h ( 49552) load[0m
[0;32mI (277) boot: Loaded app from partition at offset 0x10000[0m
[0;32mI (277) boot: Disabling RNG early entropy source...[0m
[0;32mI (288) cpu_start: Multicore app[0m
[0;32mI (298) cpu_start: Pro cpu start user code[0m
[0;32mI (299) cpu_start: cpu freq: 160000000 Hz[0m
[0;32mI (299) cpu_start: Application information:[0m
[0;32mI (302) cpu_start: Project name:     secure_com_node[0m
[0;32mI (307) cpu_start: App version:      1f1e7b7-dirty[0m
[0;32mI (313) cpu_start: Compile time:     Jun  8 2024 16:46:38[0m
[0;32mI (319) cpu_start: ELF file SHA256:  5ee5a1da2...[0m
[0;32mI (324) cpu_start: ESP-IDF:          v5.2.1-dirty[0m
[0;32mI (329) cpu_start: Min chip rev:     v0.0[0m
[0;32mI (334) cpu_start: Max chip rev:     v0.99 [0m
[0;32mI (339) cpu_start: Chip rev:         v0.2[0m
[0;32mI (344) heap_init: Initializing. RAM available for dynamic allocation:[0m
[0;32mI (351) heap_init: At 3FCA04D8 len 00049238 (292 KiB): RAM[0m
[0;32mI (357) heap_init: At 3FCE9710 len 00005724 (21 KiB): RAM[0m
[0;32mI (363) heap_init: At 3FCF0000 len 00008000 (32 KiB): DRAM[0m
[0;32mI (369) heap_init: At 600FE010 len 00001FD8 (7 KiB): RTCRAM[0m
[0;32mI (377) spi_flash: detected chip: gd[0m
[0;32mI (380) spi_flash: flash io: dio[0m
[0;33mW (384) spi_flash: Detected size(8192k) larger than the size in the binary image header(2048k). Using the size in the binary image header.[0m
[0;32mI (397) sleep: Configure to isolate all GPIO pins in sleep state[0m
[0;32mI (404) sleep: Enable automatic switching of GPIO sleep configuration[0m
[0;32mI (411) main_task: Started on CPU0[0m
[0;32mI (421) main_task: Calling app_main()[0m
[0;32mI (2461) pp: pp rom version: e7ae62f[0m
[0;32mI (2461) net80211: net80211 rom version: e7ae62f[0m
I (2491) wifi:wifi driver task: 3fcab94c, prio:23, stack:6656, core=0
I (2501) wifi:wifi firmware version: a9f5b59
I (2501) wifi:wifi certification version: v7.0
I (2501) wifi:config NVS flash: enabled
I (2511) wifi:config nano formating: disabled
I (2511) wifi:Init data frame dynamic rx buffer num: 32
I (2511) wifi:Init static rx mgmt buffer num: 5
I (2521) wifi:Init management short buffer num: 32
I (2521) wifi:Init dynamic tx buffer num: 32
I (2531) wifi:Init static tx FG buffer num: 2
I (2531) wifi:Init static rx buffer size: 1600
I (2541) wifi:Init static rx buffer num: 10
I (2541) wifi:Init dynamic rx buffer num: 32
[0;32mI (2581) wifi_init: rx ba win: 6[0m
[0;32mI (2581) wifi_init: tcpip mbox: 32[0m
[0;32mI (2581) wifi_init: udp mbox: 6[0m
[0;32mI (2581) wifi_init: tcp mbox: 6[0m
[0;32mI (2581) wifi_init: tcp tx win: 5760[0m
[0;32mI (2591) wifi_init: tcp rx win: 5760[0m
[0;32mI (2601) wifi_init: tcp mss: 1440[0m
[0;32mI (2601) wifi_init: WiFi IRAM OP enabled[0m
[0;32mI (2601) wifi_init: WiFi RX IRAM OP enabled[0m
[0;32mI (2641) phy_init: phy_version 640,cd64a1a,Jan 24 2024,17:28:12[0m
I (2681) wifi:mode : sta (48:27:e2:e2:e5:e4)
I (2681) wifi:enable tsf
I (2691) wifi:new:<10,0>, old:<1,0>, ap:<255,255>, sta:<10,0>, prof:1
I (2691) wifi:state: init -> auth (b0)
I (2701) wifi:state: auth -> assoc (0)
I (2701) wifi:state: assoc -> run (10)
I (2721) wifi:connected with TIM-69567495, aid = 15, channel 10, BW20, bssid = ce:b1:01:33:36:34
I (2721) wifi:security: WPA2-PSK, phy: bgn, rssi: -90
I (2721) wifi:pm start, type: 1

I (2721) wifi:dp: 1, bi: 102400, li: 3, scale listen interval from 307200 us to 307200 us
I (2731) wifi:set rx beacon pti, rx_bcn_pti: 0, bcn_timeout: 25000, mt_pti: 0, mt_time: 10000
[0;32mI (2741) WIFI: Connesso al punto di accesso[0m
I (2811) wifi:AP's beacon interval = 102400 us, DTIM period = 1
I (4871) wifi:<ba-add>idx:0 (ifx:0, ce:b1:01:33:36:34), tid:0, ssn:0, winSize:64
[0;32mI (5741) esp_netif_handlers: sta ip: 192.168.1.10, mask: 255.255.255.0, gw: 192.168.1.1[0m
got ip, proceeding to unblock mqttmqtt could proceed, connection established and ip address received
[0;32mI (5841) MQTT: Other event id:7[0m
the current size of certs is 0
buffer is: retrieve_certificates/0
[0;33mW (15881) esp-tls: Failed to open new connection in specified timeout[0m
[0;31mE (15881) transport_base: Failed to open a new connection[0m
[0;31mE (15881) mqtt_client: Error transport connect[0m
[0;32mI (15881) MQTT: MQTT_EVENT_ERROR[0m
[0;31mE (15891) MQTT: Last error reported from esp-tls: 0x8006[0m
[0;32mI (15891) MQTT: Last errno string (Success)[0m
[0;32mI (15901) MQTT: MQTT_EVENT_DISCONNECTED[0m
[0;31mE (15901) mqtt_client: Client has not connected[0m
[0;32mI (15911) MQTT: sent subscribe successful, msg_id=-1[0m
ESP-ROM:esp32s3-20210327
Build:Mar 27 2021
rst:0x1 (POWERON),boot:0x8 (SPI_FAST_FLASH_BOOT)
SPIWP:0xee
mode:DIO, clock div:1
load:0x3fce3810,len:0x178c
load:0x403c9700,len:0x4
load:0x403c9704,len:0xcbc
load:0x403cc700,len:0x2da0
entry 0x403c9914
[0;32mI (27) boot: ESP-IDF v5.2.1-dirty 2nd stage bootloader[0m
[0;32mI (27) boot: compile time Jun  8 2024 13:32:40[0m
[0;32mI (27) boot: Multicore bootloader[0m
[0;32mI (30) boot: chip revision: v0.2[0m
[0;32mI (34) boot.esp32s3: Boot SPI Speed : 80MHz[0m
[0;32mI (39) boot.esp32s3: SPI Mode       : DIO[0m
[0;32mI (44) boot.esp32s3: SPI Flash Size : 2MB[0m
[0;32mI (48) boot: Enabling RNG early entropy source...[0m
[0;32mI (54) boot: Partition Table:[0m
[0;32mI (57) boot: ## Label            Usage          Type ST Offset   Length[0m
[0;32mI (65) boot:  0 nvs              WiFi data        01 02 00009000 00006000[0m
[0;32mI (72) boot:  1 phy_init         RF data          01 01 0000f000 00001000[0m
[0;32mI (80) boot:  2 factory          factory app      00 00 00010000 00100000[0m
[0;32mI (87) boot: End of partition table[0m
[0;32mI (91) esp_image: segment 0: paddr=00010020 vaddr=3c0a0020 size=23cb8h (146616) map[0m
[0;32mI (126) esp_image: segment 1: paddr=00033ce0 vaddr=3fc97f00 size=04638h ( 17976) load[0m
[0;32mI (130) esp_image: segment 2: paddr=00038320 vaddr=40374000 size=07cf8h ( 31992) load[0m
[0;32mI (139) esp_image: segment 3: paddr=00040020 vaddr=42000020 size=9f34ch (652108) map[0m
[0;32mI (257) esp_image: segment 4: paddr=000df374 vaddr=4037bcf8 size=0c190h ( 49552) load[0m
[0;32mI (277) boot: Loaded app from partition at offset 0x10000[0m
[0;32mI (277) boot: Disabling RNG early entropy source...[0m
[0;32mI (288) cpu_start: Multicore app[0m
[0;32mI (298) cpu_start: Pro cpu start user code[0m
[0;32mI (299) cpu_start: cpu freq: 160000000 Hz[0m
[0;32mI (299) cpu_start: Application information:[0m
[0;32mI (302) cpu_start: Project name:     secure_com_node[0m
[0;32mI (307) cpu_start: App version:      1f1e7b7-dirty[0m
[0;32mI (313) cpu_start: Compile time:     Jun  8 2024 16:46:38[0m
[0;32mI (319) cpu_start: ELF file SHA256:  5ee5a1da2...[0m
[0;32mI (324) cpu_start: ESP-IDF:          v5.2.1-dirty[0m
[0;32mI (329) cpu_start: Min chip rev:     v0.0[0m
[0;32mI (334) cpu_start: Max chip rev:     v0.99 [0m
[0;32mI (339) cpu_start: Chip rev:         v0.2[0m
[0;32mI (344) heap_init: Initializing. RAM available for dynamic allocation:[0m
[0;32mI (351) heap_init: At 3FCA04D8 len 00049238 (292 KiB): RAM[0m
[0;32mI (357) heap_init: At 3FCE9710 len 00005724 (21 KiB): RAM[0m
[0;32mI (363) heap_init: At 3FCF0000 len 00008000 (32 KiB): DRAM[0m
[0;32mI (369) heap_init: At 600FE010 len 00001FD8 (7 KiB): RTCRAM[0m
[0;32mI (377) spi_flash: detected chip: gd[0m
[0;32mI (380) spi_flash: flash io: dio[0m
[0;33mW (384) spi_flash: Detected size(8192k) larger than the size in the binary image header(2048k). Using the size in the binary image header.[0m
[0;32mI (397) sleep: Configure to isolate all GPIO pins in sleep state[0m
[0;32mI (404) sleep: Enable automatic switching of GPIO sleep configuration[0m
[0;32mI (411) main_task: Started on CPU0[0m
[0;32mI (421) main_task: Calling app_main()[0m
[0;32mI (2461) pp: pp rom version: e7ae62f[0m
[0;32mI (2461) net80211: net80211 rom version: e7ae62f[0m
I (2491) wifi:wifi driver task: 3fcab94c, prio:23, stack:6656, core=0
I (2501) wifi:wifi firmware version: a9f5b59
I (2501) wifi:wifi certification version: v7.0
I (2501) wifi:config NVS flash: enabled
I (2511) wifi:config nano formating: disabled
I (2511) wifi:Init data frame dynamic rx buffer num: 32
I (2511) wifi:Init static rx mgmt buffer num: 5
I (2521) wifi:Init management short buffer num: 32
I (2521) wifi:Init dynamic tx buffer num: 32
I (2531) wifi:Init static tx FG buffer num: 2
I (2531) wifi:Init static rx buffer size: 1600
I (2541) wifi:Init static rx buffer num: 10
I (2541) wifi:Init dynamic rx buffer num: 32
[0;32mI (2581) wifi_init: rx ba win: 6[0m
[0;32mI (2581) wifi_init: tcpip mbox: 32[0m
[0;32mI (2581) wifi_init: udp mbox: 6[0m
[0;32mI (2581) wifi_init: tcp mbox: 6[0m
[0;32mI (2581) wifi_init: tcp tx win: 5760[0m
[0;32mI (2591) wifi_init: tcp rx win: 5760[0m
[0;32mI (2601) wifi_init: tcp mss: 1440[0m
[0;32mI (2601) wifi_init: WiFi IRAM OP enabled[0m
[0;32mI (2601) wifi_init: WiFi RX IRAM OP enabled[0m
[0;32mI (2641) phy_init: phy_version 640,cd64a1a,Jan 24 2024,17:28:12[0m
I (2681) wifi:mode : sta (48:27:e2:e2:e5:e4)
I (2681) wifi:enable tsf
I (2721) wifi:new:<10,0>, old:<1,0>, ap:<255,255>, sta:<10,0>, prof:1
I (2721) wifi:state: init -> auth (b0)
I (2721) wifi:state: auth -> assoc (0)
I (2731) wifi:state: assoc -> run (10)
W (2731) wifi:[ADDBA]rx delba, code:1, delete tid:0
I (2741) wifi:connected with TIM-69567495, aid = 15, channel 10, BW20, bssid = ce:b1:01:33:36:34
I (2741) wifi:security: WPA2-PSK, phy: bgn, rssi: -83
I (2751) wifi:pm start, type: 1

I (2751) wifi:dp: 1, bi: 102400, li: 3, scale listen interval from 307200 us to 307200 us
I (2761) wifi:set rx beacon pti, rx_bcn_pti: 0, bcn_timeout: 25000, mt_pti: 0, mt_time: 10000
[0;32mI (2771) WIFI: Connesso al punto di accesso[0m
I (2821) wifi:AP's beacon interval = 102400 us, DTIM period = 1
I (4871) wifi:<ba-add>idx:0 (ifx:0, ce:b1:01:33:36:34), tid:0, ssn:0, winSize:64
[0;32mI (5771) esp_netif_handlers: sta ip: 192.168.1.10, mask: 255.255.255.0, gw: 192.168.1.1[0m
got ip, proceeding to unblock mqttmqtt could proceed, connection established and ip address received
[0;32mI (5831) MQTT: Other event id:7[0m
the current size of certs is 0
buffer is: retrieve_certificates/0
[0;32mI (6861) MQTT: MQTT_EVENT_CONNECTED[0m
[0;32mI (6861) MQTT: sent subscribe successful, msg_id=51840[0m
[0;32mI (6871) MQTT: MQTT_EVENT_SUBSCRIBED, msg_id=51840[0m
[0;32mI (6871) MQTT: sent publish successful, msg_id=-1000[0m
[0;32mI (7091) MQTT: MQTT_EVENT_DATA[0m
-----BEGIN CERTIFICATE-----
MIICtDCCAZwCFBDR1fFgPc/95b2b/7gccbeI+9lBMA0GCSqGSIb3DQEBCwUAMBEx
DzANBgNVBAMMBmJyb2tlcjAeFw0yNDA2MDYxNTQ5NDdaFw0zNDA2MDQxNTQ5NDda
MBwxGjAYBgNVBAMMETQ4OjI3OkUyOkUyOkU1OkU0MIIBIjANBgkqhkiG9w0BAQEF
AAOCAQ8AMIIBCgKCAQEAprQWBbpej5wmpwG2jc8yj3M5cBKz+IadcmFEfBVDtcr1
InoeJW/wLFRNiRc5NVgTCmF5nUZ2vXKXXNHdJVbM6RtxlIlDfFIFoBAA6xEvhAAU
ihmKcogXpEUcECHXD3HhXaJuTiP4K5rBh+/D+GKraaNWiQ1Ll7bnZ4ZdF9DgZz4F
Sa9PCZkURv5uIhUWjyXdpgBhF3VgqtWajuNke6zK6ZmNsa1qLHn7akQ7GxoBe1Iy
UMto1Mcz5VE3GNKMt92mZUSCaZLy+Bqn6HSgzHxBQgV7M6s8eAcUoUz02gCZ1hTK
3QWvYRAnPc24I9Q0ibFKV+kV0S8XGEOIzAh+Vrm9SwIDAQABMA0GCSqGSIb3DQEB
CwUAA4IBAQB1MJxbTC98NJ19E2NFGUNgQcYOP1z7b89O8tE5oo6vKs5vSwtXgrSg
pW7UJ+deDvN2CCWuZ9P4HOj20kOnY54ghpChl/bfgV7Nbq6s2wKzRDX3Avbe6/Es
nAnrDoG5RHPoAcWmRvqbiGDWe2wgSkxbqR28i7zOWWNFdD45FcRbcd2C7v9i/U7n
Dsg/M5IrD9DjrNZ8op1R2UuXI3BrfgxcxCojt4N4+MUNRZhOPbL69+WLUkCav+8H
TSRY6BaQ7hmMU35JBkP/V05FCcV3xhZdUNyAiwyhDeGNSX1u7MdQBrFkGYgUhcNO
cNW1ksk0OZerEuM7H/PkE/z6hflJxgNP
-----END CERTIFICATE-----
the current size of certs is 1
buffer is: retrieve_certificates/1
[0;32mI (7261) MQTT: sent subscribe successful, msg_id=23335[0m
[0;32mI (7291) MQTT: MQTT_EVENT_SUBSCRIBED, msg_id=23335[0m
[0;32mI (7291) MQTT: sent publish successful, msg_id=-1000[0m
[0;32mI (7341) MQTT: MQTT_EVENT_DATA[0m
-----BEGIN CERTIFICATE-----
MIICtDCCAZwCFBDR1fFgPc/95b2b/7gccbeI+9lCMA0GCSqGSIb3DQEBCwUAMBEx
DzANBgNVBAMMBmJyb2tlcjAeFw0yNDA2MDYxNTUwNTNaFw0zNDA2MDQxNTUwNTNa
MBwxGjAYBgNVBAMMETM0OkI3OkRBOjU0OjM1OjI4MIIBIjANBgkqhkiG9w0BAQEF
AAOCAQ8AMIIBCgKCAQEArpj3sn2f1kQu3+vCebGlQAgx7ClpegCZ6Nd1NElOujhS
zQPMqcLX5XhMtSuAzlJIYDiAWdLFgy70Xy9CLS+vcxnzSO2yl/qDpHpXDBLxrMZh
uSa+/+YZca8ajSa4BJql+npHtBhQZTY/W1a5t/PTIXpuS2ygqkrUpl3GUS0t3LcC
XrvTsLuUk7sBGSMHC/NK/1PbGuv4WYzlsRCHAxaw94UVKHVyedZk3Qer9oPIZ8Pq
zEzU3af2AzhmZ52hEobYoHCJtonDLtqlGSuYRBwhQgykw7n28/nBviI9zRMFugLv
nOwsZEqLgilofrQjof2//F5wAq6LRH+OSAiGGqyx5QIDAQABMA0GCSqGSIb3DQEB
CwUAA4IBAQC2rmgFwO6rdfJ2iy3jX7EvAq6c8iqSzfeGSi0+0SgMlWg6jNJhdbXL
Ah9St8qA7SDaaWFsX/Opm1W1aht3bm7zftiM71Ejdv0sMpjpDWE7AX3fMaKRMVFV
kSaPgfsLtTOu0JVs2/PQqYC7XGsjYnORUnNOnIPgPpFFoMcn5upEtUV5tDbGAb1S
oBzK56XW2p9XiI3OHwL4OIyJmq/1gnAhw+IWqWDNFL+LgVyzWEDF84UDc9QK5VoD
C7QpNFO9ih/PIMHYHlJp9AbNofEg24nfTdmAPRuo6Es/T8PK93xOCNyUk3sqmoqy
m7g3t95BsKc2CC9OHlYUvwVdcK6w+Xmw
-----END CERTIFICATE-----
the current size of certs is 2
buffer is: retrieve_certificates/2
[0;32mI (7661) MQTT: sent subscribe successful, msg_id=51991[0m
[0;32mI (7681) MQTT: MQTT_EVENT_SUBSCRIBED, msg_id=51991[0m
[0;32mI (7681) MQTT: sent publish successful, msg_id=-1000[0m
[0;32mI (7841) MQTT: MQTT_EVENT_DATA[0m
-----BEGIN CERTIFICATE-----
MIICqTCCAZECFGe6IXXUFcjrXq6QOqr2NUpJ59yHMA0GCSqGSIb3DQEBCwUAMBEx
DzANBgNVBAMMBmJyb2tlcjAeFw0yNDA2MDUxNDI3MzZaFw0zNDA2MDMxNDI3MzZa
MBExDzANBgNVBAMMBmJyb2tlcjCCASIwDQYJKoZIhvcNAQEBBQADggEPADCCAQoC
ggEBANAUuFKJX67URS6Yv7Efet4pV4c3vXI0b9RtKM/MpckQfUQbgwG5d9hyOmJW
M06GdDxmxQecc/eZNcLrcXT72Z6bUSw5v4J5pPA7con4W/vNQ+v+8cQGnxxYuAUE
vUiJO9/oXfO2jHXDsScvo+EdASbWxrEzOVPs0aL1ghzBs7Onw3hroY7F/NEteNC2
WedKaebpxdwaV91HHSZirPhUBi4RqTCqAlWxjYKVAccRaDp0bc3G4sW+ppx3llk2
B79MOYFl6jOJrPILuCh6osLiXpH38YZittlbHR6BUZtGNSHpBiKmtDyovsv41ImP
sG4q7T6ToN50cllmydV+8VTfmwMCAwEAATANBgkqhkiG9w0BAQsFAAOCAQEAqSRV
j+YjN4yHgW8SQCdxGF6DYUHemFbFHxrcn5G3ik3zpR+iysISXlpVsyy8vKSerxBd
9IrD9seADA76yjjAlZqrl8Yp0uWY7fdtqC1pQQOuZYdZ8N6fZSCj0ryhZElFK2jG
v2lYc8K6noutw/tDEVhl8Eft6oYPlt4zL1j+SGBy+m0mnur0hVTCoaUZKondfMak
vpoER4c4U/XOrXJYGCoT8ApceulC8bEjbaKRtGnKVcINrrVPYpY4G7+HrRyHAN2b
WmurmBuPRqb/Jnx27bdN2pI8hXeSNcnsbMoar0Z1gBcijz2PUvYSLDkiW3UsDC5T
3WOsmQkkvmKSFw8/Fg==
-----END CERTIFICATE-----
the current size of certs is 3
buffer is: retrieve_certificates/3
[0;32mI (8061) MQTT: sent subscribe successful, msg_id=23522[0m
[0;32mI (8151) MQTT: MQTT_EVENT_SUBSCRIBED, msg_id=23522[0m
[0;32mI (8151) MQTT: sent publish successful, msg_id=-1000[0m
[0;32mI (8341) MQTT: MQTT_EVENT_DATA[0m
end_certificates
il numero di certificati retrieved Ã¨ 3
I have subscribed to 4 certificate topics (considering the stopping one)
[0;32mI (8461) MQTT: sent unsubscribe successful, msg_id=20882[0m
I am printing the certificates
-----BEGIN CERTIFICATE-----
MIICtDCCAZwCFBDR1fFgPc/95b2b/7gccbeI+9lBMA0GCSqGSIb3DQEBCwUAMBEx
DzANBgNVBAMMBmJyb2tlcjAeFw0yNDA2MDYxNTQ5NDdaFw0zNDA2MDQxNTQ5NDda
MBwxGjAYBgNVBAMMETQ4OjI3OkUyOkUyOkU1OkU0MIIBIjANBgkqhkiG9w0BAQEF
AAOCAQ8AMIIBCgKCAQEAprQWBbpej5wmpwG2jc8yj3M5cBKz+IadcmFEfBVDtcr1
InoeJW/wLFRNiRc5NVgTCmF5nUZ2vXKXXNHdJVbM6RtxlIlDfFIFoBAA6xEvhAAU
ihmKcogXpEUcECHXD3HhXaJuTiP4K5rBh+/D+GKraaNWiQ1Ll7bnZ4ZdF9DgZz4F
Sa9PCZkURv5uIhUWjyXdpgBhF3VgqtWajuNke6zK6ZmNsa1qLHn7akQ7GxoBe1Iy
UMto1Mcz5VE3GNKMt92mZUSCaZLy+Bqn6HSgzHxBQgV7M6s8eAcUoUz02gCZ1hTK
3QWvYRAnPc24I9Q0ibFKV+kV0S8XGEOIzAh+Vrm9SwIDAQABMA0GCSqGSIb3DQEB
CwUAA4IBAQB1MJxbTC98NJ19E2NFGUNgQcYOP1z7b89O8tE5oo6vKs5vSwtXgrSg
pW7UJ+deDvN2CCWuZ9P4HOj20kOnY54ghpChl/bfgV7Nbq6s2wKzRDX3Avbe6/Es
nAnrDoG5RHPoAcWmRvqbiGDWe2wgSkxbqR28i7zOWWNFdD45FcRbcd2C7v9i/U7n
Dsg/M5IrD9DjrNZ8op1R2UuXI3BrfgxcxCojt4N4+MUNRZhOPbL69+WLUkCav+8H
TSRY6BaQ7hmMU35JBkP/V05FCcV3xhZdUNyAiwyhDeGNSX1u7MdQBrFkGYgUhcNO
cNW1ksk0OZerEuM7H/PkE/z6hflJxgNP
-----END CERTIFICATE-----
[0;32mI (8501) MQTT: MQTT_EVENT_UNSUBSCRIBED, msg_id=20882[0m
-----BEGIN CERTIFICATE-----
MIICtDCCAZwCFBDR1fFgPc/95b2b/7gccbeI+9lCMA0GCSqGSIb3DQEBCwUAMBEx
DzANBgNVBAMMBmJyb2tlcjAeFw0yNDA2MDYxNTUwNTNaFw0zNDA2MDQxNTUwNTNa
MBwxGjAYBgNVBAMMETM0OkI3OkRBOjU0OjM1OjI4MIIBIjANBgkqhkiG9w0BAQEF
AAOCAQ8AMIIBCgKCAQEArpj3sn2f1kQu3+vCebGlQAgx7ClpegCZ6Nd1NElOujhS
zQPMqcLX5XhMtSuAzlJIYDiAWdLFgy70Xy9CLS+vcxnzSO2yl/qDpHpXDBLxrMZh
uSa+/+YZca8ajSa4BJql+npHtBhQZTY/W1a5t/PTIXpuS2ygqkrUpl3GUS0t3LcC
XrvTsLuUk7sBGSMHC/NK/1PbGuv4WYzlsRCHAxaw94UVKHVyedZk3Qer9oPIZ8Pq
zEzU3af2AzhmZ52hEobYoHCJtonDLtqlGSuYRBwhQgykw7n28/nBviI9zRMFugLv
nOwsZEqLgilofrQjof2//F5wAq6LRH+OSAiGGqyx5QIDAQABMA0GCSqGSIb3DQEB
CwUAA4IBAQC2rmgFwO6rdfJ2iy3jX7EvAq6c8iqSzfeGSi0+0SgMlWg6jNJhdbXL
Ah9St8qA7SDaaWFsX/Opm1W1aht3bm7zftiM71Ejdv0sMpjpDWE7AX3fMaKRMVFV
kSaPgfsLtTOu0JVs2/PQqYC7XGsjYnORUnNOnIPgPpFFoMcn5upEtUV5tDbGAb1S
oBzK56XW2p9XiI3OHwL4OIyJmq/1gnAhw+IWqWDNFL+LgVyzWEDF84UDc9QK5VoD
C7QpNFO9ih/PIMHYHlJp9AbNofEg24nfTdmAPRuo6Es/T8PK93xOCNyUk3sqmoqy
m7g3t95BsKc2CC9OHlYUvwVdcK6w+Xmw
-----END CERTIFICATE-----
-----BEGIN CERTIFICATE-----
MIICqTCCAZECFGe6IXXUFcjrXq6QOqr2NUpJ59yHMA0GCSqGSIb3DQEBCwUAMBEx
DzANBgNVBAMMBmJyb2tlcjAeFw0yNDA2MDUxNDI3MzZaFw0zNDA2MDMxNDI3MzZa
MBExDzANBgNVBAMMBmJyb2tlcjCCASIwDQYJKoZIhvcNAQEBBQADggEPADCCAQoC
ggEBANAUuFKJX67URS6Yv7Efet4pV4c3vXI0b9RtKM/MpckQfUQbgwG5d9hyOmJW
M06GdDxmxQecc/eZNcLrcXT72Z6bUSw5v4J5pPA7con4W/vNQ+v+8cQGnxxYuAUE
vUiJO9/oXfO2jHXDsScvo+EdASbWxrEzOVPs0aL1ghzBs7Onw3hroY7F/NEteNC2
WedKaebpxdwaV91HHSZirPhUBi4RqTCqAlWxjYKVAccRaDp0bc3G4sW+ppx3llk2
B79MOYFl6jOJrPILuCh6osLiXpH38YZittlbHR6BUZtGNSHpBiKmtDyovsv41ImP
sG4q7T6ToN50cllmydV+8VTfmwMCAwEAATANBgkqhkiG9w0BAQsFAAOCAQEAqSRV
j+YjN4yHgW8SQCdxGF6DYUHemFbFHxrcn5G3ik3zpR+iysISXlpVsyy8vKSerxBd
9IrD9seADA76yjjAlZqrl8Yp0uWY7fdtqC1pQQOuZYdZ8N6fZSCj0ryhZElFK2jG
v2lYc8K6noutw/tDEVhl8Eft6oYPlt4zL1j+SGBy+m0mnur0hVTCoaUZKondfMak
vpoER4c4U/XOrXJYGCoT8ApceulC8bEjbaKRtGnKVcINrrVPYpY4G7+HrRyHAN2b
WmurmBuPRqb/Jnx27bdN2pI8hXeSNcnsbMoar0Z1gBcijz2PUvYSLDkiW3UsDC5T
3WOsmQkkvmKSFw8/Fg==
-----END CERTIFICATE-----
[0;32mI (8771) MQTT: MQTT client disconnected and deallocated[0m
I (8771) wifi:state: run -> init (0)
I (8781) wifi:pm stop, total sleep time: 3330662 us / 6026859 us

I (8781) wifi:<ba-del>idx:0, tid:0
I (8781) wifi:new:<10,0>, old:<10,0>, ap:<255,255>, sta:<10,0>, prof:1
[0;32mI (8791) WIFI: Disconnesso dal punto di accesso[0m
I (8791) wifi:flush txq
I (8791) wifi:stop sw txq
I (8801) wifi:lmac stop hw txq
I (8801) wifi:Deinit lldesc rx mblock:10
[0;32mI (8811) WIFI: WIFI disconnected and deallocated[0m
[0;32mI (8811) main_task: Returned from app_main()[0m
